<?xml version="1.0" encoding="UTF-8"?>
<TestRun id="f28d78d3-5c0a-4bc1-a894-e07417991a8b" name="ruiking@RUIKING-PC 2017-01-17 23:14:52" runUser="ruiking-PC\ruiking" xmlns="http://microsoft.com/schemas/VisualStudio/TeamTest/2010">
  <TestSettings name="本地" id="d5d3a817-668b-4096-85a8-9c7aba3eda4b">
    <Description>这些设置为本地测试运行的默认测试设置。</Description>
    <Deployment enabled="false" runDeploymentRoot="ruiking_RUIKING-PC 2017-01-17 23_14_52">
      <DeploymentItem filename="c:\users\ruiking\documents\visual studio 2010\Projects\CUnitTest1\CUnitTest1\bin\Debug\CUnitTest1.exe" />
    </Deployment>
    <Execution>
      <TestTypeSpecific />
      <AgentRule name="Execution Agents">
      </AgentRule>
    </Execution>
  </TestSettings>
  <Times creation="2017-01-17T23:14:52.9946423+08:00" queuing="2017-01-17T23:14:56.4958425+08:00" start="2017-01-17T23:14:56.7318560+08:00" finish="2017-01-17T23:14:58.6859678+08:00" />
  <ResultSummary outcome="Completed">
    <Counters total="4" executed="4" passed="4" error="0" failed="0" timeout="0" aborted="0" inconclusive="0" passedButRunAborted="0" notRunnable="0" notExecuted="0" disconnected="0" warning="0" completed="0" inProgress="0" pending="0" />
  </ResultSummary>
  <TestDefinitions>
    <UnitTest name="DecTest" storage="c:\users\ruiking\documents\visual studio 2010\projects\cunittest1\testproject1\bin\debug\testproject1.dll" id="8d48e104-8754-e242-2acd-f98a311ad526">
      <Execution id="50dade62-d657-420a-9468-b3cdeb4260e2" />
      <TestMethod codeBase="c:/users/ruiking/documents/visual studio 2010/Projects/CUnitTest1/TestProject1/bin/Debug/TestProject1.DLL" adapterTypeName="Microsoft.VisualStudio.TestTools.TestTypes.Unit.UnitTestAdapter, Microsoft.VisualStudio.QualityTools.Tips.UnitTest.Adapter, Version=10.0.0.0, Culture=neutral, PublicKeyToken=b03f5f7f11d50a3a" className="TestProject1.ProgramTest, TestProject1, Version=1.0.0.0, Culture=neutral, PublicKeyToken=null" name="DecTest" />
    </UnitTest>
    <UnitTest name="AddTest" storage="c:\users\ruiking\documents\visual studio 2010\projects\cunittest1\testproject1\bin\debug\testproject1.dll" id="9652d6f9-90be-c820-c69f-cd431bd8972d">
      <Execution id="0c9a51be-026c-4547-9dad-ddf4ac4ed37f" />
      <TestMethod codeBase="c:/users/ruiking/documents/visual studio 2010/Projects/CUnitTest1/TestProject1/bin/Debug/TestProject1.DLL" adapterTypeName="Microsoft.VisualStudio.TestTools.TestTypes.Unit.UnitTestAdapter, Microsoft.VisualStudio.QualityTools.Tips.UnitTest.Adapter, Version=10.0.0.0, Culture=neutral, PublicKeyToken=b03f5f7f11d50a3a" className="TestProject1.ProgramTest, TestProject1, Version=1.0.0.0, Culture=neutral, PublicKeyToken=null" name="AddTest" />
    </UnitTest>
    <UnitTest name="MulTest" storage="c:\users\ruiking\documents\visual studio 2010\projects\cunittest1\testproject1\bin\debug\testproject1.dll" id="3c057cfb-d900-8aa1-f048-0f35cd9fd71d">
      <Execution id="8d749f20-d293-4675-b8c2-b24d89bb6b9f" />
      <TestMethod codeBase="c:/users/ruiking/documents/visual studio 2010/Projects/CUnitTest1/TestProject1/bin/Debug/TestProject1.DLL" adapterTypeName="Microsoft.VisualStudio.TestTools.TestTypes.Unit.UnitTestAdapter, Microsoft.VisualStudio.QualityTools.Tips.UnitTest.Adapter, Version=10.0.0.0, Culture=neutral, PublicKeyToken=b03f5f7f11d50a3a" className="TestProject1.ProgramTest, TestProject1, Version=1.0.0.0, Culture=neutral, PublicKeyToken=null" name="MulTest" />
    </UnitTest>
    <UnitTest name="DivTest" storage="c:\users\ruiking\documents\visual studio 2010\projects\cunittest1\testproject1\bin\debug\testproject1.dll" id="7707bd54-7270-8ef8-bae6-a6c7665b4604">
      <Execution id="6faf9ad1-2f9b-4312-9fd9-1a40833872ec" />
      <TestMethod codeBase="c:/users/ruiking/documents/visual studio 2010/Projects/CUnitTest1/TestProject1/bin/Debug/TestProject1.DLL" adapterTypeName="Microsoft.VisualStudio.TestTools.TestTypes.Unit.UnitTestAdapter, Microsoft.VisualStudio.QualityTools.Tips.UnitTest.Adapter, Version=10.0.0.0, Culture=neutral, PublicKeyToken=b03f5f7f11d50a3a" className="TestProject1.ProgramTest, TestProject1, Version=1.0.0.0, Culture=neutral, PublicKeyToken=null" name="DivTest" />
    </UnitTest>
  </TestDefinitions>
  <TestLists>
    <TestList name="列表中未列出的结果" id="8c84fa94-04c1-424b-9868-57a2d4851a1d" />
    <TestList name="所有已加载的结果" id="19431567-8539-422a-85d7-44ee4e166bda" />
  </TestLists>
  <TestEntries>
    <TestEntry testId="3c057cfb-d900-8aa1-f048-0f35cd9fd71d" executionId="8d749f20-d293-4675-b8c2-b24d89bb6b9f" testListId="8c84fa94-04c1-424b-9868-57a2d4851a1d" />
    <TestEntry testId="7707bd54-7270-8ef8-bae6-a6c7665b4604" executionId="6faf9ad1-2f9b-4312-9fd9-1a40833872ec" testListId="8c84fa94-04c1-424b-9868-57a2d4851a1d" />
    <TestEntry testId="8d48e104-8754-e242-2acd-f98a311ad526" executionId="50dade62-d657-420a-9468-b3cdeb4260e2" testListId="8c84fa94-04c1-424b-9868-57a2d4851a1d" />
    <TestEntry testId="9652d6f9-90be-c820-c69f-cd431bd8972d" executionId="0c9a51be-026c-4547-9dad-ddf4ac4ed37f" testListId="8c84fa94-04c1-424b-9868-57a2d4851a1d" />
  </TestEntries>
  <Results>
    <UnitTestResult executionId="8d749f20-d293-4675-b8c2-b24d89bb6b9f" testId="3c057cfb-d900-8aa1-f048-0f35cd9fd71d" testName="MulTest" computerName="RUIKING-PC" duration="00:00:00.0631274" startTime="2017-01-17T23:14:57.0248728+08:00" endTime="2017-01-17T23:14:58.3239471+08:00" testType="13cdc9d9-ddb5-4fa4-a97d-d965ccfc6d4b" outcome="Passed" testListId="8c84fa94-04c1-424b-9868-57a2d4851a1d" relativeResultsDirectory="8d749f20-d293-4675-b8c2-b24d89bb6b9f">
    </UnitTestResult>
    <UnitTestResult executionId="6faf9ad1-2f9b-4312-9fd9-1a40833872ec" testId="7707bd54-7270-8ef8-bae6-a6c7665b4604" testName="DivTest" computerName="RUIKING-PC" duration="00:00:00.0002954" startTime="2017-01-17T23:14:58.3539488+08:00" endTime="2017-01-17T23:14:58.3649494+08:00" testType="13cdc9d9-ddb5-4fa4-a97d-d965ccfc6d4b" outcome="Passed" testListId="8c84fa94-04c1-424b-9868-57a2d4851a1d" relativeResultsDirectory="6faf9ad1-2f9b-4312-9fd9-1a40833872ec">
    </UnitTestResult>
    <UnitTestResult executionId="50dade62-d657-420a-9468-b3cdeb4260e2" testId="8d48e104-8754-e242-2acd-f98a311ad526" testName="DecTest" computerName="RUIKING-PC" duration="00:00:00.0003108" startTime="2017-01-17T23:14:58.3719498+08:00" endTime="2017-01-17T23:14:58.3799503+08:00" testType="13cdc9d9-ddb5-4fa4-a97d-d965ccfc6d4b" outcome="Passed" testListId="8c84fa94-04c1-424b-9868-57a2d4851a1d" relativeResultsDirectory="50dade62-d657-420a-9468-b3cdeb4260e2">
    </UnitTestResult>
    <UnitTestResult executionId="0c9a51be-026c-4547-9dad-ddf4ac4ed37f" testId="9652d6f9-90be-c820-c69f-cd431bd8972d" testName="AddTest" computerName="RUIKING-PC" duration="00:00:00.0003070" startTime="2017-01-17T23:14:58.3869507+08:00" endTime="2017-01-17T23:14:58.3949511+08:00" testType="13cdc9d9-ddb5-4fa4-a97d-d965ccfc6d4b" outcome="Passed" testListId="8c84fa94-04c1-424b-9868-57a2d4851a1d" relativeResultsDirectory="0c9a51be-026c-4547-9dad-ddf4ac4ed37f">
    </UnitTestResult>
  </Results>
</TestRun>